---
http_interactions:
- request:
    method: post
    uri: https://api-inference.huggingface.co/models/meta-llama/Llama-3.2-1B
    body:
      encoding: UTF-8
      string: '{"inputs":"Tell me a joke"}'
    headers:
      Accept:
      - application/json
      Authorization:
      - Bearer <HUGGINGFACE_API_KEY>
      Connection:
      - Keep-Alive
      Content-Type:
      - application/json; charset=utf-8
      Host:
      - api-inference.huggingface.co
      User-Agent:
      - http.rb/5.2.0
  response:
    status:
      code: 200
      message: OK
    headers:
      Date:
      - Sat, 12 Oct 2024 16:19:33 GMT
      Content-Type:
      - application/json
      Content-Length:
      - '496'
      Connection:
      - keep-alive
      X-Compute-Type:
      - cache
      X-Compute-Time:
      - '16.363858221'
      X-Sha:
      - 221e3535e1ac4840bdf061a12b634139c84e144c
      Vary:
      - Origin, Access-Control-Request-Method, Access-Control-Request-Headers
      X-Request-Id:
      - 7Fsnrqw8CIznHi-IgQn4T
      Access-Control-Allow-Credentials:
      - 'true'
    body:
      encoding: UTF-8
      string: '[{"generated_text":"Tell me a joke, Vid. I need to know what you''re
        all thinking.\nWhat''s a teen''s most perfect present, then?\nLand of Space
        and Heavy Metal.\nHow to win all the women in your school to fame and limelight.\nHow
        to survive Thanksgiving With My Family.\nDiscount for Life. Very Special Offer.\nIt
        will likely be a wealth drowning sa would take.\nIntroduce yourself on our
        chat line.\nBoil the kids until you hit a happy medium of boiled fresh while
        boiling fats and through that"}]'
  recorded_at: Sat, 12 Oct 2024 16:19:34 GMT
- request:
    method: post
    uri: https://api-inference.huggingface.co/models/meta-llama/Llama-3.2-1B
    body:
      encoding: UTF-8
      string: '{"inputs":"Tell me a joke"}'
    headers:
      Accept:
      - application/json
      Authorization:
      - Bearer YOUR_TOKEN_HERE
      Connection:
      - Keep-Alive
      Content-Type:
      - application/json; charset=utf-8
      Host:
      - api-inference.huggingface.co
      User-Agent:
      - http.rb/5.2.0
  response:
    status:
      code: 400
      message: Bad Request
    headers:
      Date:
      - Sat, 12 Oct 2024 16:19:34 GMT
      Content-Type:
      - application/json
      Content-Length:
      - '72'
      Connection:
      - keep-alive
      Access-Control-Allow-Credentials:
      - 'true'
      X-Request-Id:
      - iBwadrh16I3yXxsD7rrS-
      Vary:
      - Origin, Access-Control-Request-Method, Access-Control-Request-Headers
    body:
      encoding: UTF-8
      string: '{"error":"Authorization header is correct, but the token seems invalid"}'
  recorded_at: Sat, 12 Oct 2024 16:19:34 GMT
- request:
    method: post
    uri: https://api-inference.huggingface.co/models/meta-llama/Llama-3.2-1B
    body:
      encoding: UTF-8
      string: '{"inputs":"Tell me a joke"}'
    headers:
      Accept:
      - application/json
      Authorization:
      - Bearer create_your_token
      Connection:
      - Keep-Alive
      Content-Type:
      - application/json; charset=utf-8
      Host:
      - api-inference.huggingface.co
      User-Agent:
      - http.rb/5.2.0
  response:
    status:
      code: 400
      message: Bad Request
    headers:
      Date:
      - Mon, 21 Oct 2024 13:12:47 GMT
      Content-Type:
      - application/json
      Content-Length:
      - '72'
      Connection:
      - keep-alive
      Vary:
      - Origin, Access-Control-Request-Method, Access-Control-Request-Headers
      Access-Control-Allow-Credentials:
      - 'true'
      X-Request-Id:
      - AbuMn_uBm2N6LQ7ll1QjD
    body:
      encoding: UTF-8
      string: '{"error":"Authorization header is correct, but the token seems invalid"}'
  recorded_at: Mon, 21 Oct 2024 13:12:47 GMT
- request:
    method: post
    uri: https://api-inference.huggingface.co/models/meta-llama/Llama-3.2-1B
    body:
      encoding: UTF-8
      string: '{"inputs":"Tell me a joke"}'
    headers:
      Accept:
      - application/json
      Authorization:
      - Bearer <HUGGINGFACE_API_KEY>
      Connection:
      - Keep-Alive
      Content-Type:
      - application/json; charset=utf-8
      Host:
      - api-inference.huggingface.co
      User-Agent:
      - http.rb/5.2.0
  response:
    status:
      code: 400
      message: Bad Request
    headers:
      Date:
      - Mon, 21 Oct 2024 14:22:27 GMT
      Content-Type:
      - application/json
      Content-Length:
      - '72'
      Connection:
      - keep-alive
      Vary:
      - Origin, Access-Control-Request-Method, Access-Control-Request-Headers
      Access-Control-Allow-Credentials:
      - 'true'
      X-Request-Id:
      - iUoDdRbjE7Xps6KD1zbwk
    body:
      encoding: UTF-8
      string: '{"error":"Authorization header is correct, but the token seems invalid"}'
  recorded_at: Mon, 21 Oct 2024 14:22:27 GMT
- request:
    method: post
    uri: https://api-inference.huggingface.co/models/meta-llama/Llama-3.2-1B
    body:
      encoding: UTF-8
      string: '{"inputs":"Tell me a joke"}'
    headers:
      Accept:
      - application/json
      Authorization:
      - Bearer hF_GbIAJFFtlHGhpRGgkfMrDQUYqVHKDvUgvj
      Connection:
      - Keep-Alive
      Content-Type:
      - application/json; charset=utf-8
      Host:
      - api-inference.huggingface.co
      User-Agent:
      - http.rb/5.2.0
  response:
    status:
      code: 400
      message: Bad Request
    headers:
      Date:
      - Sat, 26 Oct 2024 05:31:34 GMT
      Content-Type:
      - application/json
      Content-Length:
      - '72'
      Connection:
      - keep-alive
      Vary:
      - Origin, Access-Control-Request-Method, Access-Control-Request-Headers
      Access-Control-Allow-Credentials:
      - 'true'
      X-Request-Id:
      - 0eI3yPoC-Dp9Ezjghyynx
    body:
      encoding: UTF-8
      string: '{"error":"Authorization header is correct, but the token seems invalid"}'
  recorded_at: Sat, 26 Oct 2024 05:31:34 GMT
- request:
    method: post
    uri: https://api-inference.huggingface.co/models/meta-llama/Llama-3.2-1B
    body:
      encoding: UTF-8
      string: '{"inputs":"Tell me a joke"}'
    headers:
      Accept:
      - application/json
      Authorization:
      - Bearer <HUGGINGFACE_API_KEY>
      Connection:
      - Keep-Alive
      Content-Type:
      - application/json; charset=utf-8
      Host:
      - api-inference.huggingface.co
      User-Agent:
      - http.rb/5.2.0
  response:
    status:
      code: 400
      message: Bad Request
    headers:
      Date:
      - Sat, 26 Oct 2024 16:23:12 GMT
      Content-Type:
      - application/json
      Content-Length:
      - '72'
      Connection:
      - keep-alive
      Access-Control-Allow-Credentials:
      - 'true'
      Vary:
      - Origin, Access-Control-Request-Method, Access-Control-Request-Headers
      X-Request-Id:
      - qywsdZKg_oDm5pBxxGkxH
    body:
      encoding: UTF-8
      string: '{"error":"Authorization header is correct, but the token seems invalid"}'
  recorded_at: Sat, 26 Oct 2024 16:23:11 GMT
- request:
    method: post
    uri: https://api-inference.huggingface.co/models/meta-llama/Llama-3.2-1B
    body:
      encoding: UTF-8
      string: '{"inputs":"Tell me a joke"}'
    headers:
      Accept:
      - application/json
      Authorization:
      - Bearer <HUGGINGFACE_API_KEY>
      Connection:
      - Keep-Alive
      Content-Type:
      - application/json; charset=utf-8
      Host:
      - api-inference.huggingface.co
      User-Agent:
      - http.rb/5.2.0
  response:
    status:
      code: 400
      message: Bad Request
    headers:
      Date:
      - Sat, 26 Oct 2024 16:27:58 GMT
      Content-Type:
      - application/json
      Content-Length:
      - '72'
      Connection:
      - keep-alive
      Vary:
      - Origin, Access-Control-Request-Method, Access-Control-Request-Headers
      X-Request-Id:
      - n4K3psBejrmJkipZ130oK
      Access-Control-Allow-Credentials:
      - 'true'
    body:
      encoding: UTF-8
      string: '{"error":"Authorization header is correct, but the token seems invalid"}'
  recorded_at: Sat, 26 Oct 2024 16:27:58 GMT
- request:
    method: post
    uri: https://api-inference.huggingface.co/models/meta-llama/Llama-3.2-1B
    body:
      encoding: UTF-8
      string: '{"inputs":"Tell me a joke"}'
    headers:
      Accept:
      - application/json
      Authorization:
      - Bearer <HUGGINGFACE_API_KEY>
      Connection:
      - Keep-Alive
      Content-Type:
      - application/json; charset=utf-8
      Host:
      - api-inference.huggingface.co
      User-Agent:
      - http.rb/5.2.0
  response:
    status:
      code: 400
      message: Bad Request
    headers:
      Date:
      - Sat, 02 Nov 2024 05:45:53 GMT
      Content-Type:
      - application/json
      Content-Length:
      - '72'
      Connection:
      - keep-alive
      Vary:
      - Origin, Access-Control-Request-Method, Access-Control-Request-Headers
      Access-Control-Allow-Credentials:
      - 'true'
      X-Request-Id:
      - ZyVBhDEnKJz-OMRTegik8
    body:
      encoding: UTF-8
      string: '{"error":"Authorization header is correct, but the token seems invalid"}'
  recorded_at: Sat, 02 Nov 2024 05:45:53 GMT
- request:
    method: post
    uri: https://api-inference.huggingface.co/models/meta-llama/Llama-3.2-1B
    body:
      encoding: UTF-8
      string: '{"inputs":"Tell me a joke"}'
    headers:
      Accept:
      - application/json
      Authorization:
      - Bearer <HUGGINGFACE_API_KEY>
      Connection:
      - Keep-Alive
      Content-Type:
      - application/json; charset=utf-8
      Host:
      - api-inference.huggingface.co
      User-Agent:
      - http.rb/5.2.0
  response:
    status:
      code: 400
      message: Bad Request
    headers:
      Date:
      - Sat, 02 Nov 2024 05:46:39 GMT
      Content-Type:
      - application/json
      Content-Length:
      - '72'
      Connection:
      - keep-alive
      Vary:
      - Origin, Access-Control-Request-Method, Access-Control-Request-Headers
      X-Request-Id:
      - JS-EXqtzX-EpJvLR_ygTm
      Access-Control-Allow-Credentials:
      - 'true'
    body:
      encoding: UTF-8
      string: '{"error":"Authorization header is correct, but the token seems invalid"}'
  recorded_at: Sat, 02 Nov 2024 05:46:39 GMT
- request:
    method: post
    uri: https://api-inference.huggingface.co/models/meta-llama/Llama-3.2-1B
    body:
      encoding: UTF-8
      string: '{"inputs":"Tell me a joke"}'
    headers:
      Accept:
      - application/json
      Authorization:
      - Bearer <HUGGINGFACE_API_KEY>
      Connection:
      - Keep-Alive
      Content-Type:
      - application/json; charset=utf-8
      Host:
      - api-inference.huggingface.co
      User-Agent:
      - http.rb/5.2.0
  response:
    status:
      code: 400
      message: Bad Request
    headers:
      Date:
      - Sat, 02 Nov 2024 05:59:05 GMT
      Content-Type:
      - application/json
      Content-Length:
      - '72'
      Connection:
      - keep-alive
      Access-Control-Allow-Credentials:
      - 'true'
      Vary:
      - Origin, Access-Control-Request-Method, Access-Control-Request-Headers
      X-Request-Id:
      - 3HNVpGGrmEK1zesdzLP51
    body:
      encoding: UTF-8
      string: '{"error":"Authorization header is correct, but the token seems invalid"}'
  recorded_at: Sat, 02 Nov 2024 05:59:05 GMT
- request:
    method: post
    uri: https://api-inference.huggingface.co/models/meta-llama/Llama-3.2-1B
    body:
      encoding: UTF-8
      string: '{"inputs":"Tell me a joke"}'
    headers:
      Accept:
      - application/json
      Authorization:
      - Bearer <HUGGINGFACE_API_KEY>
      Connection:
      - Keep-Alive
      Content-Type:
      - application/json; charset=utf-8
      Host:
      - api-inference.huggingface.co
      User-Agent:
      - http.rb/5.2.0
  response:
    status:
      code: 400
      message: Bad Request
    headers:
      Date:
      - Sat, 02 Nov 2024 06:56:01 GMT
      Content-Type:
      - application/json
      Content-Length:
      - '72'
      Connection:
      - keep-alive
      Vary:
      - Origin, Access-Control-Request-Method, Access-Control-Request-Headers
      Access-Control-Allow-Credentials:
      - 'true'
      X-Request-Id:
      - VDGXHHvVzij7zGrK4HeZx
    body:
      encoding: UTF-8
      string: '{"error":"Authorization header is correct, but the token seems invalid"}'
  recorded_at: Sat, 02 Nov 2024 06:56:01 GMT
- request:
    method: post
    uri: https://api-inference.huggingface.co/models/meta-llama/Llama-3.2-1B
    body:
      encoding: UTF-8
      string: '{"inputs":"Tell me a joke"}'
    headers:
      Accept:
      - application/json
      Authorization:
      - Bearer <HUGGINGFACE_API_KEY>
      Connection:
      - Keep-Alive
      Content-Type:
      - application/json; charset=utf-8
      Host:
      - api-inference.huggingface.co
      User-Agent:
      - http.rb/5.2.0
  response:
    status:
      code: 400
      message: Bad Request
    headers:
      Date:
      - Sat, 02 Nov 2024 06:57:46 GMT
      Content-Type:
      - application/json
      Content-Length:
      - '72'
      Connection:
      - keep-alive
      Access-Control-Allow-Credentials:
      - 'true'
      X-Request-Id:
      - JWE8r8lWN1WEiM-1rhX5n
      Vary:
      - Origin, Access-Control-Request-Method, Access-Control-Request-Headers
    body:
      encoding: UTF-8
      string: '{"error":"Authorization header is correct, but the token seems invalid"}'
  recorded_at: Sat, 02 Nov 2024 06:57:46 GMT
- request:
    method: post
    uri: https://api-inference.huggingface.co/models/meta-llama/Llama-3.2-1B
    body:
      encoding: UTF-8
      string: '{"inputs":"Tell me a joke"}'
    headers:
      Accept:
      - application/json
      Authorization:
      - Bearer <HUGGINGFACE_API_KEY>
      Connection:
      - Keep-Alive
      Content-Type:
      - application/json; charset=utf-8
      Host:
      - api-inference.huggingface.co
      User-Agent:
      - http.rb/5.2.0
  response:
    status:
      code: 400
      message: Bad Request
    headers:
      Date:
      - Sat, 02 Nov 2024 14:18:46 GMT
      Content-Type:
      - application/json
      Content-Length:
      - '72'
      Connection:
      - keep-alive
      X-Request-Id:
      - 1OR64sCP86YMbvmYXEmd5
      Vary:
      - Origin, Access-Control-Request-Method, Access-Control-Request-Headers
      Access-Control-Allow-Credentials:
      - 'true'
    body:
      encoding: UTF-8
      string: '{"error":"Authorization header is correct, but the token seems invalid"}'
  recorded_at: Sat, 02 Nov 2024 14:18:48 GMT
- request:
    method: post
    uri: https://api-inference.huggingface.co/models/meta-llama/Llama-3.2-1B
    body:
      encoding: UTF-8
      string: '{"inputs":"Tell me a joke"}'
    headers:
      Accept:
      - application/json
      Authorization:
      - Bearer <HUGGINGFACE_API_KEY>
      Connection:
      - Keep-Alive
      Content-Type:
      - application/json; charset=utf-8
      Host:
      - api-inference.huggingface.co
      User-Agent:
      - http.rb/5.2.0
  response:
    status:
      code: 400
      message: Bad Request
    headers:
      Date:
      - Sun, 03 Nov 2024 12:11:18 GMT
      Content-Type:
      - application/json
      Content-Length:
      - '72'
      Connection:
      - keep-alive
      Access-Control-Allow-Credentials:
      - 'true'
      Vary:
      - Origin, Access-Control-Request-Method, Access-Control-Request-Headers
      X-Request-Id:
      - esooAUrNX74UOVH_0-Snd
    body:
      encoding: UTF-8
      string: '{"error":"Authorization header is correct, but the token seems invalid"}'
  recorded_at: Sun, 03 Nov 2024 12:11:17 GMT
- request:
    method: post
    uri: https://api-inference.huggingface.co/models/meta-llama/Llama-3.2-1B
    body:
      encoding: UTF-8
      string: '{"inputs":"Tell me a joke"}'
    headers:
      Accept:
      - application/json
      Authorization:
      - Bearer <HUGGINGFACE_API_KEY>
      Connection:
      - Keep-Alive
      Content-Type:
      - application/json; charset=utf-8
      Host:
      - api-inference.huggingface.co
      User-Agent:
      - http.rb/5.2.0
  response:
    status:
      code: 400
      message: Bad Request
    headers:
      Date:
      - Sun, 03 Nov 2024 12:12:29 GMT
      Content-Type:
      - application/json
      Content-Length:
      - '72'
      Connection:
      - keep-alive
      X-Request-Id:
      - kPSSR0ea_jt4xJr3BLrAi
      Access-Control-Allow-Credentials:
      - 'true'
      Vary:
      - Origin, Access-Control-Request-Method, Access-Control-Request-Headers
    body:
      encoding: UTF-8
      string: '{"error":"Authorization header is correct, but the token seems invalid"}'
  recorded_at: Sun, 03 Nov 2024 12:12:28 GMT
- request:
    method: post
    uri: https://api-inference.huggingface.co/models/meta-llama/Llama-3.2-1B
    body:
      encoding: UTF-8
      string: '{"inputs":"Tell me a joke"}'
    headers:
      Accept:
      - application/json
      Authorization:
      - Bearer <HUGGINGFACE_API_KEY>
      Connection:
      - Keep-Alive
      Content-Type:
      - application/json; charset=utf-8
      Host:
      - api-inference.huggingface.co
      User-Agent:
      - http.rb/5.2.0
  response:
    status:
      code: 400
      message: Bad Request
    headers:
      Date:
      - Sun, 03 Nov 2024 12:15:18 GMT
      Content-Type:
      - application/json
      Content-Length:
      - '72'
      Connection:
      - keep-alive
      X-Request-Id:
      - mvvdhxpACWGKnl_Smqd0v
      Access-Control-Allow-Credentials:
      - 'true'
      Vary:
      - Origin, Access-Control-Request-Method, Access-Control-Request-Headers
    body:
      encoding: UTF-8
      string: '{"error":"Authorization header is correct, but the token seems invalid"}'
  recorded_at: Sun, 03 Nov 2024 12:15:14 GMT
- request:
    method: post
    uri: https://api-inference.huggingface.co/models/meta-llama/Llama-3.2-1B
    body:
      encoding: UTF-8
      string: '{"inputs":"Tell me a joke"}'
    headers:
      Accept:
      - application/json
      Authorization:
      - Bearer <HUGGINGFACE_API_KEY>
      Connection:
      - Keep-Alive
      Content-Type:
      - application/json; charset=utf-8
      Host:
      - api-inference.huggingface.co
      User-Agent:
      - http.rb/5.2.0
  response:
    status:
      code: 400
      message: Bad Request
    headers:
      Date:
      - Sun, 03 Nov 2024 12:21:26 GMT
      Content-Type:
      - application/json
      Content-Length:
      - '72'
      Connection:
      - keep-alive
      Vary:
      - Origin, Access-Control-Request-Method, Access-Control-Request-Headers
      Access-Control-Allow-Credentials:
      - 'true'
      X-Request-Id:
      - ac_53m-_6J3MHYKJaLLoB
    body:
      encoding: UTF-8
      string: '{"error":"Authorization header is correct, but the token seems invalid"}'
  recorded_at: Sun, 03 Nov 2024 12:21:25 GMT
- request:
    method: post
    uri: https://api-inference.huggingface.co/models/meta-llama/Llama-3.2-1B
    body:
      encoding: UTF-8
      string: '{"inputs":"Tell me a joke"}'
    headers:
      Accept:
      - application/json
      Authorization:
      - Bearer <HUGGINGFACE_API_KEY>
      Connection:
      - Keep-Alive
      Content-Type:
      - application/json; charset=utf-8
      Host:
      - api-inference.huggingface.co
      User-Agent:
      - http.rb/5.2.0
  response:
    status:
      code: 400
      message: Bad Request
    headers:
      Date:
      - Sun, 03 Nov 2024 12:26:18 GMT
      Content-Type:
      - application/json
      Content-Length:
      - '72'
      Connection:
      - keep-alive
      Access-Control-Allow-Credentials:
      - 'true'
      Vary:
      - Origin, Access-Control-Request-Method, Access-Control-Request-Headers
      X-Request-Id:
      - xhi0LAJpeQMSru4UJprlM
    body:
      encoding: UTF-8
      string: '{"error":"Authorization header is correct, but the token seems invalid"}'
  recorded_at: Sun, 03 Nov 2024 12:26:17 GMT
- request:
    method: post
    uri: https://api-inference.huggingface.co/models/meta-llama/Llama-3.2-1B
    body:
      encoding: UTF-8
      string: '{"inputs":"Tell me a joke"}'
    headers:
      Accept:
      - application/json
      Authorization:
      - Bearer <HUGGINGFACE_API_KEY>
      Connection:
      - Keep-Alive
      Content-Type:
      - application/json; charset=utf-8
      Host:
      - api-inference.huggingface.co
      User-Agent:
      - http.rb/5.2.0
  response:
    status:
      code: 400
      message: Bad Request
    headers:
      Date:
      - Sun, 03 Nov 2024 12:31:17 GMT
      Content-Type:
      - application/json
      Content-Length:
      - '72'
      Connection:
      - keep-alive
      X-Request-Id:
      - 2gV9cwRiYH0MYdGjXPUfG
      Vary:
      - Origin, Access-Control-Request-Method, Access-Control-Request-Headers
      Access-Control-Allow-Credentials:
      - 'true'
    body:
      encoding: UTF-8
      string: '{"error":"Authorization header is correct, but the token seems invalid"}'
  recorded_at: Sun, 03 Nov 2024 12:31:15 GMT
- request:
    method: post
    uri: https://api-inference.huggingface.co/models/meta-llama/Llama-3.2-1B
    body:
      encoding: UTF-8
      string: '{"inputs":"Tell me a joke"}'
    headers:
      Accept:
      - application/json
      Authorization:
      - Bearer <HUGGINGFACE_API_KEY>
      Connection:
      - Keep-Alive
      Content-Type:
      - application/json; charset=utf-8
      Host:
      - api-inference.huggingface.co
      User-Agent:
      - http.rb/5.2.0
  response:
    status:
      code: 400
      message: Bad Request
    headers:
      Date:
      - Sun, 03 Nov 2024 12:32:43 GMT
      Content-Type:
      - application/json
      Content-Length:
      - '72'
      Connection:
      - keep-alive
      Vary:
      - Origin, Access-Control-Request-Method, Access-Control-Request-Headers
      Access-Control-Allow-Credentials:
      - 'true'
      X-Request-Id:
      - 8j84OWStAVxGNv208Dq9c
    body:
      encoding: UTF-8
      string: '{"error":"Authorization header is correct, but the token seems invalid"}'
  recorded_at: Sun, 03 Nov 2024 12:32:43 GMT
- request:
    method: post
    uri: https://api-inference.huggingface.co/models/meta-llama/Llama-3.2-1B
    body:
      encoding: UTF-8
      string: '{"inputs":"Tell me a joke"}'
    headers:
      Accept:
      - application/json
      Authorization:
      - Bearer <HUGGINGFACE_API_KEY>
      Connection:
      - Keep-Alive
      Content-Type:
      - application/json; charset=utf-8
      Host:
      - api-inference.huggingface.co
      User-Agent:
      - http.rb/5.2.0
  response:
    status:
      code: 400
      message: Bad Request
    headers:
      Date:
      - Sun, 03 Nov 2024 12:35:36 GMT
      Content-Type:
      - application/json
      Content-Length:
      - '72'
      Connection:
      - keep-alive
      Vary:
      - Origin, Access-Control-Request-Method, Access-Control-Request-Headers
      X-Request-Id:
      - kAqzVGSsyksySm0HdaAjR
      Access-Control-Allow-Credentials:
      - 'true'
    body:
      encoding: UTF-8
      string: '{"error":"Authorization header is correct, but the token seems invalid"}'
  recorded_at: Sun, 03 Nov 2024 12:35:32 GMT
- request:
    method: post
    uri: https://api-inference.huggingface.co/models/meta-llama/Llama-3.2-1B
    body:
      encoding: UTF-8
      string: '{"inputs":"Tell me a joke"}'
    headers:
      Accept:
      - application/json
      Authorization:
      - Bearer <HUGGINGFACE_API_KEY>
      Connection:
      - Keep-Alive
      Content-Type:
      - application/json; charset=utf-8
      Host:
      - api-inference.huggingface.co
      User-Agent:
      - http.rb/5.2.0
  response:
    status:
      code: 400
      message: Bad Request
    headers:
      Date:
      - Sun, 03 Nov 2024 12:35:43 GMT
      Content-Type:
      - application/json
      Content-Length:
      - '72'
      Connection:
      - keep-alive
      X-Request-Id:
      - s7qtN8FGWAAkW6e9gMkoN
      Access-Control-Allow-Credentials:
      - 'true'
      Vary:
      - Origin, Access-Control-Request-Method, Access-Control-Request-Headers
    body:
      encoding: UTF-8
      string: '{"error":"Authorization header is correct, but the token seems invalid"}'
  recorded_at: Sun, 03 Nov 2024 12:35:43 GMT
- request:
    method: post
    uri: https://api-inference.huggingface.co/models/meta-llama/Llama-3.2-1B
    body:
      encoding: UTF-8
      string: '{"inputs":"Tell me a joke"}'
    headers:
      Accept:
      - application/json
      Authorization:
      - Bearer <HUGGINGFACE_API_KEY>
      Connection:
      - Keep-Alive
      Content-Type:
      - application/json; charset=utf-8
      Host:
      - api-inference.huggingface.co
      User-Agent:
      - http.rb/5.2.0
  response:
    status:
      code: 400
      message: Bad Request
    headers:
      Date:
      - Sun, 03 Nov 2024 12:37:35 GMT
      Content-Type:
      - application/json
      Content-Length:
      - '72'
      Connection:
      - keep-alive
      Vary:
      - Origin, Access-Control-Request-Method, Access-Control-Request-Headers
      Access-Control-Allow-Credentials:
      - 'true'
      X-Request-Id:
      - z_8HaI-OxtJnpGSGcbdpK
    body:
      encoding: UTF-8
      string: '{"error":"Authorization header is correct, but the token seems invalid"}'
  recorded_at: Sun, 03 Nov 2024 12:37:34 GMT
- request:
    method: post
    uri: https://api-inference.huggingface.co/models/meta-llama/Llama-3.2-1B
    body:
      encoding: UTF-8
      string: '{"inputs":"Tell me a joke"}'
    headers:
      Accept:
      - application/json
      Authorization:
      - Bearer <HUGGINGFACE_API_KEY>
      Connection:
      - Keep-Alive
      Content-Type:
      - application/json; charset=utf-8
      Host:
      - api-inference.huggingface.co
      User-Agent:
      - http.rb/5.2.0
  response:
    status:
      code: 400
      message: Bad Request
    headers:
      Date:
      - Sun, 03 Nov 2024 12:44:56 GMT
      Content-Type:
      - application/json
      Content-Length:
      - '72'
      Connection:
      - keep-alive
      Access-Control-Allow-Credentials:
      - 'true'
      X-Request-Id:
      - gY4Czq0qhwp81WdJIKx84
      Vary:
      - Origin, Access-Control-Request-Method, Access-Control-Request-Headers
    body:
      encoding: UTF-8
      string: '{"error":"Authorization header is correct, but the token seems invalid"}'
  recorded_at: Sun, 03 Nov 2024 12:44:54 GMT
- request:
    method: post
    uri: https://api-inference.huggingface.co/models/meta-llama/Llama-3.2-1B
    body:
      encoding: UTF-8
      string: '{"inputs":"Tell me a joke"}'
    headers:
      Accept:
      - application/json
      Authorization:
      - Bearer <HUGGINGFACE_API_KEY>
      Connection:
      - Keep-Alive
      Content-Type:
      - application/json; charset=utf-8
      Host:
      - api-inference.huggingface.co
      User-Agent:
      - http.rb/5.2.0
  response:
    status:
      code: 400
      message: Bad Request
    headers:
      Date:
      - Sun, 03 Nov 2024 12:53:25 GMT
      Content-Type:
      - application/json
      Content-Length:
      - '72'
      Connection:
      - keep-alive
      X-Request-Id:
      - enVH1Xdh42DV73R1iJ8DA
      Access-Control-Allow-Credentials:
      - 'true'
      Vary:
      - Origin, Access-Control-Request-Method, Access-Control-Request-Headers
    body:
      encoding: UTF-8
      string: '{"error":"Authorization header is correct, but the token seems invalid"}'
  recorded_at: Sun, 03 Nov 2024 12:53:22 GMT
- request:
    method: post
    uri: https://api-inference.huggingface.co/models/meta-llama/Llama-3.2-1B
    body:
      encoding: UTF-8
      string: '{"inputs":"Tell me a joke"}'
    headers:
      Accept:
      - application/json
      Authorization:
      - Bearer <HUGGINGFACE_API_KEY>
      Connection:
      - Keep-Alive
      Content-Type:
      - application/json; charset=utf-8
      Host:
      - api-inference.huggingface.co
      User-Agent:
      - http.rb/5.2.0
  response:
    status:
      code: 400
      message: Bad Request
    headers:
      Date:
      - Sun, 03 Nov 2024 12:57:02 GMT
      Content-Type:
      - application/json
      Content-Length:
      - '72'
      Connection:
      - keep-alive
      X-Request-Id:
      - aOWS4OHmwNiYHXsC61ZrW
      Access-Control-Allow-Credentials:
      - 'true'
      Vary:
      - Origin, Access-Control-Request-Method, Access-Control-Request-Headers
    body:
      encoding: UTF-8
      string: '{"error":"Authorization header is correct, but the token seems invalid"}'
  recorded_at: Sun, 03 Nov 2024 12:57:01 GMT
- request:
    method: post
    uri: https://api-inference.huggingface.co/models/meta-llama/Llama-3.2-1B
    body:
      encoding: UTF-8
      string: '{"inputs":"Tell me a joke"}'
    headers:
      Accept:
      - application/json
      Authorization:
      - Bearer <HUGGINGFACE_API_KEY>
      Connection:
      - Keep-Alive
      Content-Type:
      - application/json; charset=utf-8
      Host:
      - api-inference.huggingface.co
      User-Agent:
      - http.rb/5.2.0
  response:
    status:
      code: 400
      message: Bad Request
    headers:
      Date:
      - Sun, 03 Nov 2024 13:07:18 GMT
      Content-Type:
      - application/json
      Content-Length:
      - '72'
      Connection:
      - keep-alive
      X-Request-Id:
      - ZRoNTJyp4qQz-TTHP7dLn
      Access-Control-Allow-Credentials:
      - 'true'
      Vary:
      - Origin, Access-Control-Request-Method, Access-Control-Request-Headers
    body:
      encoding: UTF-8
      string: '{"error":"Authorization header is correct, but the token seems invalid"}'
  recorded_at: Sun, 03 Nov 2024 13:07:16 GMT
- request:
    method: post
    uri: https://api-inference.huggingface.co/models/meta-llama/Llama-3.2-1B
    body:
      encoding: UTF-8
      string: '{"inputs":"Tell me a joke"}'
    headers:
      Accept:
      - application/json
      Authorization:
      - Bearer <HUGGINGFACE_API_KEY>
      Connection:
      - Keep-Alive
      Content-Type:
      - application/json; charset=utf-8
      Host:
      - api-inference.huggingface.co
      User-Agent:
      - http.rb/5.2.0
  response:
    status:
      code: 400
      message: Bad Request
    headers:
      Date:
      - Sun, 03 Nov 2024 13:17:30 GMT
      Content-Type:
      - application/json
      Content-Length:
      - '72'
      Connection:
      - keep-alive
      Vary:
      - Origin, Access-Control-Request-Method, Access-Control-Request-Headers
      Access-Control-Allow-Credentials:
      - 'true'
      X-Request-Id:
      - 1R1II2yZpxyV1CFYmdOCk
    body:
      encoding: UTF-8
      string: '{"error":"Authorization header is correct, but the token seems invalid"}'
  recorded_at: Sun, 03 Nov 2024 13:17:27 GMT
- request:
    method: post
    uri: https://api-inference.huggingface.co/models/meta-llama/Llama-3.2-1B
    body:
      encoding: UTF-8
      string: '{"inputs":"Tell me a joke"}'
    headers:
      Accept:
      - application/json
      Authorization:
      - Bearer <HUGGINGFACE_API_KEY>
      Connection:
      - Keep-Alive
      Content-Type:
      - application/json; charset=utf-8
      Host:
      - api-inference.huggingface.co
      User-Agent:
      - http.rb/5.2.0
  response:
    status:
      code: 400
      message: Bad Request
    headers:
      Date:
      - Sun, 03 Nov 2024 13:18:46 GMT
      Content-Type:
      - application/json
      Content-Length:
      - '72'
      Connection:
      - keep-alive
      X-Request-Id:
      - 0EFXpUsLLEEW5FfWjX0ks
      Vary:
      - Origin, Access-Control-Request-Method, Access-Control-Request-Headers
      Access-Control-Allow-Credentials:
      - 'true'
    body:
      encoding: UTF-8
      string: '{"error":"Authorization header is correct, but the token seems invalid"}'
  recorded_at: Sun, 03 Nov 2024 13:18:44 GMT
- request:
    method: post
    uri: https://api-inference.huggingface.co/models/meta-llama/Llama-3.2-1B
    body:
      encoding: UTF-8
      string: '{"inputs":"Tell me a joke"}'
    headers:
      Accept:
      - application/json
      Authorization:
      - Bearer <HUGGINGFACE_API_KEY>
      Connection:
      - Keep-Alive
      Content-Type:
      - application/json; charset=utf-8
      Host:
      - api-inference.huggingface.co
      User-Agent:
      - http.rb/5.2.0
  response:
    status:
      code: 400
      message: Bad Request
    headers:
      Date:
      - Sun, 03 Nov 2024 13:18:54 GMT
      Content-Type:
      - application/json
      Content-Length:
      - '72'
      Connection:
      - keep-alive
      X-Request-Id:
      - fYBL2oFfsJfd9JT17BecA
      Vary:
      - Origin, Access-Control-Request-Method, Access-Control-Request-Headers
      Access-Control-Allow-Credentials:
      - 'true'
    body:
      encoding: UTF-8
      string: '{"error":"Authorization header is correct, but the token seems invalid"}'
  recorded_at: Sun, 03 Nov 2024 13:18:54 GMT
- request:
    method: post
    uri: https://api-inference.huggingface.co/models/meta-llama/Llama-3.2-1B
    body:
      encoding: UTF-8
      string: '{"inputs":"Tell me a joke"}'
    headers:
      Accept:
      - application/json
      Authorization:
      - Bearer <HUGGINGFACE_API_KEY>
      Connection:
      - Keep-Alive
      Content-Type:
      - application/json; charset=utf-8
      Host:
      - api-inference.huggingface.co
      User-Agent:
      - http.rb/5.2.0
  response:
    status:
      code: 400
      message: Bad Request
    headers:
      Date:
      - Sun, 03 Nov 2024 13:23:23 GMT
      Content-Type:
      - application/json
      Content-Length:
      - '72'
      Connection:
      - keep-alive
      Vary:
      - Origin, Access-Control-Request-Method, Access-Control-Request-Headers
      X-Request-Id:
      - BznDKXBRt5qMCQNOS4kXv
      Access-Control-Allow-Credentials:
      - 'true'
    body:
      encoding: UTF-8
      string: '{"error":"Authorization header is correct, but the token seems invalid"}'
  recorded_at: Sun, 03 Nov 2024 13:23:21 GMT
- request:
    method: post
    uri: https://api-inference.huggingface.co/models/meta-llama/Llama-3.2-1B
    body:
      encoding: UTF-8
      string: '{"inputs":"Tell me a joke"}'
    headers:
      Accept:
      - application/json
      Authorization:
      - Bearer <HUGGINGFACE_API_KEY>
      Connection:
      - Keep-Alive
      Content-Type:
      - application/json; charset=utf-8
      Host:
      - api-inference.huggingface.co
      User-Agent:
      - http.rb/5.2.0
  response:
    status:
      code: 400
      message: Bad Request
    headers:
      Date:
      - Sun, 03 Nov 2024 13:27:19 GMT
      Content-Type:
      - application/json
      Content-Length:
      - '72'
      Connection:
      - keep-alive
      Access-Control-Allow-Credentials:
      - 'true'
      X-Request-Id:
      - EWzuW1pkWFuijOCEgnLJA
      Vary:
      - Origin, Access-Control-Request-Method, Access-Control-Request-Headers
    body:
      encoding: UTF-8
      string: '{"error":"Authorization header is correct, but the token seems invalid"}'
  recorded_at: Sun, 03 Nov 2024 13:27:19 GMT
- request:
    method: post
    uri: https://api-inference.huggingface.co/models/meta-llama/Llama-3.2-1B
    body:
      encoding: UTF-8
      string: '{"inputs":"Tell me a joke"}'
    headers:
      Accept:
      - application/json
      Authorization:
      - Bearer <HUGGINGFACE_API_KEY>
      Connection:
      - Keep-Alive
      Content-Type:
      - application/json; charset=utf-8
      Host:
      - api-inference.huggingface.co
      User-Agent:
      - http.rb/5.2.0
  response:
    status:
      code: 400
      message: Bad Request
    headers:
      Date:
      - Sun, 03 Nov 2024 13:33:16 GMT
      Content-Type:
      - application/json
      Content-Length:
      - '72'
      Connection:
      - keep-alive
      Vary:
      - Origin, Access-Control-Request-Method, Access-Control-Request-Headers
      X-Request-Id:
      - BoknPqYNRXWQwYUA5jqYa
      Access-Control-Allow-Credentials:
      - 'true'
    body:
      encoding: UTF-8
      string: '{"error":"Authorization header is correct, but the token seems invalid"}'
  recorded_at: Sun, 03 Nov 2024 13:33:16 GMT
- request:
    method: post
    uri: https://api-inference.huggingface.co/models/meta-llama/Llama-3.2-1B
    body:
      encoding: UTF-8
      string: '{"inputs":"Tell me a joke"}'
    headers:
      Accept:
      - application/json
      Authorization:
      - Bearer <HUGGINGFACE_API_KEY>
      Connection:
      - Keep-Alive
      Content-Type:
      - application/json; charset=utf-8
      Host:
      - api-inference.huggingface.co
      User-Agent:
      - http.rb/5.2.0
  response:
    status:
      code: 400
      message: Bad Request
    headers:
      Date:
      - Sun, 03 Nov 2024 13:46:21 GMT
      Content-Type:
      - application/json
      Content-Length:
      - '72'
      Connection:
      - keep-alive
      Vary:
      - Origin, Access-Control-Request-Method, Access-Control-Request-Headers
      Access-Control-Allow-Credentials:
      - 'true'
      X-Request-Id:
      - jT-bxHjX2rfLABx_a8zXF
    body:
      encoding: UTF-8
      string: '{"error":"Authorization header is correct, but the token seems invalid"}'
  recorded_at: Sun, 03 Nov 2024 13:46:17 GMT
- request:
    method: post
    uri: https://api-inference.huggingface.co/models/meta-llama/Llama-3.2-1B
    body:
      encoding: UTF-8
      string: '{"inputs":"Tell me a joke"}'
    headers:
      Accept:
      - application/json
      Authorization:
      - Bearer <HUGGINGFACE_API_KEY>
      Connection:
      - Keep-Alive
      Content-Type:
      - application/json; charset=utf-8
      Host:
      - api-inference.huggingface.co
      User-Agent:
      - http.rb/5.2.0
  response:
    status:
      code: 400
      message: Bad Request
    headers:
      Date:
      - Sun, 03 Nov 2024 13:55:59 GMT
      Content-Type:
      - application/json
      Content-Length:
      - '72'
      Connection:
      - keep-alive
      X-Request-Id:
      - YXojmCNKdAjfPWV4Tx1KK
      Access-Control-Allow-Credentials:
      - 'true'
      Vary:
      - Origin, Access-Control-Request-Method, Access-Control-Request-Headers
    body:
      encoding: UTF-8
      string: '{"error":"Authorization header is correct, but the token seems invalid"}'
  recorded_at: Sun, 03 Nov 2024 13:55:59 GMT
- request:
    method: post
    uri: https://api-inference.huggingface.co/models/meta-llama/Llama-3.2-1B
    body:
      encoding: UTF-8
      string: '{"inputs":"Tell me a joke"}'
    headers:
      Accept:
      - application/json
      Authorization:
      - Bearer <HUGGINGFACE_API_KEY>
      Connection:
      - Keep-Alive
      Content-Type:
      - application/json; charset=utf-8
      Host:
      - api-inference.huggingface.co
      User-Agent:
      - http.rb/5.2.0
  response:
    status:
      code: 400
      message: Bad Request
    headers:
      Date:
      - Fri, 08 Nov 2024 14:30:05 GMT
      Content-Type:
      - application/json
      Content-Length:
      - '72'
      Connection:
      - keep-alive
      X-Request-Id:
      - L5qrbFSdfiMO2ro4-rsxj
      Vary:
      - Origin, Access-Control-Request-Method, Access-Control-Request-Headers
      Access-Control-Allow-Credentials:
      - 'true'
    body:
      encoding: UTF-8
      string: '{"error":"Authorization header is correct, but the token seems invalid"}'
  recorded_at: Fri, 08 Nov 2024 14:30:05 GMT
- request:
    method: post
    uri: https://api-inference.huggingface.co/models/meta-llama/Llama-3.2-1B
    body:
      encoding: UTF-8
      string: '{"inputs":"Tell me a joke"}'
    headers:
      Accept:
      - application/json
      Authorization:
      - Bearer <HUGGINGFACE_API_KEY>
      Connection:
      - Keep-Alive
      Content-Type:
      - application/json; charset=utf-8
      Host:
      - api-inference.huggingface.co
      User-Agent:
      - http.rb/5.2.0
  response:
    status:
      code: 400
      message: Bad Request
    headers:
      Date:
      - Fri, 08 Nov 2024 14:31:10 GMT
      Content-Type:
      - application/json
      Content-Length:
      - '72'
      Connection:
      - keep-alive
      Vary:
      - Origin, Access-Control-Request-Method, Access-Control-Request-Headers
      X-Request-Id:
      - SI8C_67yMG-f2I0UGiZLP
      Access-Control-Allow-Credentials:
      - 'true'
    body:
      encoding: UTF-8
      string: '{"error":"Authorization header is correct, but the token seems invalid"}'
  recorded_at: Fri, 08 Nov 2024 14:31:10 GMT
- request:
    method: post
    uri: https://api-inference.huggingface.co/models/meta-llama/Llama-3.2-1B
    body:
      encoding: UTF-8
      string: '{"inputs":"Tell me a joke"}'
    headers:
      Accept:
      - application/json
      Authorization:
      - Bearer <HUGGINGFACE_API_KEY>
      Connection:
      - Keep-Alive
      Content-Type:
      - application/json; charset=utf-8
      Host:
      - api-inference.huggingface.co
      User-Agent:
      - http.rb/5.2.0
  response:
    status:
      code: 400
      message: Bad Request
    headers:
      Date:
      - Fri, 08 Nov 2024 14:32:15 GMT
      Content-Type:
      - application/json
      Content-Length:
      - '72'
      Connection:
      - keep-alive
      Vary:
      - Origin, Access-Control-Request-Method, Access-Control-Request-Headers
      X-Request-Id:
      - X440lGxeVrkh2b-tlQUsz
      Access-Control-Allow-Credentials:
      - 'true'
    body:
      encoding: UTF-8
      string: '{"error":"Authorization header is correct, but the token seems invalid"}'
  recorded_at: Fri, 08 Nov 2024 14:32:15 GMT
- request:
    method: post
    uri: https://api-inference.huggingface.co/models/meta-llama/Llama-3.2-1B
    body:
      encoding: UTF-8
      string: '{"inputs":"Tell me a joke"}'
    headers:
      Accept:
      - application/json
      Authorization:
      - Bearer <HUGGINGFACE_API_KEY>
      Connection:
      - Keep-Alive
      Content-Type:
      - application/json; charset=utf-8
      Host:
      - api-inference.huggingface.co
      User-Agent:
      - http.rb/5.2.0
  response:
    status:
      code: 400
      message: Bad Request
    headers:
      Date:
      - Fri, 08 Nov 2024 14:34:56 GMT
      Content-Type:
      - application/json
      Content-Length:
      - '72'
      Connection:
      - keep-alive
      X-Request-Id:
      - E6fs35ECuDHKkxQlciVn4
      Access-Control-Allow-Credentials:
      - 'true'
      Vary:
      - Origin, Access-Control-Request-Method, Access-Control-Request-Headers
    body:
      encoding: UTF-8
      string: '{"error":"Authorization header is correct, but the token seems invalid"}'
  recorded_at: Fri, 08 Nov 2024 14:34:56 GMT
- request:
    method: post
    uri: https://api-inference.huggingface.co/models/meta-llama/Llama-3.2-1B
    body:
      encoding: UTF-8
      string: '{"inputs":"Tell me a joke"}'
    headers:
      Accept:
      - application/json
      Authorization:
      - Bearer <HUGGINGFACE_API_KEY>
      Connection:
      - Keep-Alive
      Content-Type:
      - application/json; charset=utf-8
      Host:
      - api-inference.huggingface.co
      User-Agent:
      - http.rb/5.2.0
  response:
    status:
      code: 400
      message: Bad Request
    headers:
      Date:
      - Fri, 08 Nov 2024 14:35:30 GMT
      Content-Type:
      - application/json
      Content-Length:
      - '72'
      Connection:
      - keep-alive
      Access-Control-Allow-Credentials:
      - 'true'
      Vary:
      - Origin, Access-Control-Request-Method, Access-Control-Request-Headers
      X-Request-Id:
      - "-Q-l7Y11iOoXCh4gfiN37"
    body:
      encoding: UTF-8
      string: '{"error":"Authorization header is correct, but the token seems invalid"}'
  recorded_at: Fri, 08 Nov 2024 14:35:30 GMT
- request:
    method: post
    uri: https://api-inference.huggingface.co/models/meta-llama/Llama-3.2-1B
    body:
      encoding: UTF-8
      string: '{"inputs":"Tell me a joke"}'
    headers:
      Accept:
      - application/json
      Authorization:
      - Bearer <HUGGINGFACE_API_KEY>
      Connection:
      - Keep-Alive
      Content-Type:
      - application/json; charset=utf-8
      Host:
      - api-inference.huggingface.co
      User-Agent:
      - http.rb/5.2.0
  response:
    status:
      code: 400
      message: Bad Request
    headers:
      Date:
      - Fri, 08 Nov 2024 14:40:05 GMT
      Content-Type:
      - application/json
      Content-Length:
      - '72'
      Connection:
      - keep-alive
      Access-Control-Allow-Credentials:
      - 'true'
      Vary:
      - Origin, Access-Control-Request-Method, Access-Control-Request-Headers
      X-Request-Id:
      - sCrMFOXLUoX1e3b7IENc-
    body:
      encoding: UTF-8
      string: '{"error":"Authorization header is correct, but the token seems invalid"}'
  recorded_at: Fri, 08 Nov 2024 14:40:05 GMT
- request:
    method: post
    uri: https://api-inference.huggingface.co/models/meta-llama/Llama-3.2-1B
    body:
      encoding: UTF-8
      string: '{"inputs":"Tell me a joke"}'
    headers:
      Accept:
      - application/json
      Authorization:
      - Bearer <HUGGINGFACE_API_KEY>
      Connection:
      - Keep-Alive
      Content-Type:
      - application/json; charset=utf-8
      Host:
      - api-inference.huggingface.co
      User-Agent:
      - http.rb/5.2.0
  response:
    status:
      code: 400
      message: Bad Request
    headers:
      Date:
      - Fri, 08 Nov 2024 14:50:14 GMT
      Content-Type:
      - application/json
      Content-Length:
      - '72'
      Connection:
      - keep-alive
      Vary:
      - Origin, Access-Control-Request-Method, Access-Control-Request-Headers
      Access-Control-Allow-Credentials:
      - 'true'
      X-Request-Id:
      - z7AYRxvJMA4fYO527V3Es
    body:
      encoding: UTF-8
      string: '{"error":"Authorization header is correct, but the token seems invalid"}'
  recorded_at: Fri, 08 Nov 2024 14:50:14 GMT
- request:
    method: post
    uri: https://api-inference.huggingface.co/models/meta-llama/Llama-3.2-1B
    body:
      encoding: UTF-8
      string: '{"inputs":"Tell me a joke"}'
    headers:
      Accept:
      - application/json
      Authorization:
      - Bearer <HUGGINGFACE_API_KEY>
      Connection:
      - Keep-Alive
      Content-Type:
      - application/json; charset=utf-8
      Host:
      - api-inference.huggingface.co
      User-Agent:
      - http.rb/5.2.0
  response:
    status:
      code: 400
      message: Bad Request
    headers:
      Date:
      - Fri, 08 Nov 2024 14:50:50 GMT
      Content-Type:
      - application/json
      Content-Length:
      - '72'
      Connection:
      - keep-alive
      Vary:
      - Origin, Access-Control-Request-Method, Access-Control-Request-Headers
      Access-Control-Allow-Credentials:
      - 'true'
      X-Request-Id:
      - 32el5FnaMMxucei0vjxeI
    body:
      encoding: UTF-8
      string: '{"error":"Authorization header is correct, but the token seems invalid"}'
  recorded_at: Fri, 08 Nov 2024 14:50:50 GMT
- request:
    method: post
    uri: https://api-inference.huggingface.co/models/meta-llama/Llama-3.2-1B
    body:
      encoding: UTF-8
      string: '{"inputs":"Tell me a joke"}'
    headers:
      Accept:
      - application/json
      Authorization:
      - Bearer <HUGGINGFACE_API_KEY>
      Connection:
      - Keep-Alive
      Content-Type:
      - application/json; charset=utf-8
      Host:
      - api-inference.huggingface.co
      User-Agent:
      - http.rb/5.2.0
  response:
    status:
      code: 400
      message: Bad Request
    headers:
      Date:
      - Fri, 08 Nov 2024 15:00:03 GMT
      Content-Type:
      - application/json
      Content-Length:
      - '72'
      Connection:
      - keep-alive
      Vary:
      - Origin, Access-Control-Request-Method, Access-Control-Request-Headers
      Access-Control-Allow-Credentials:
      - 'true'
      X-Request-Id:
      - t59xDwuhfQO-eAS5FJTWn
    body:
      encoding: UTF-8
      string: '{"error":"Authorization header is correct, but the token seems invalid"}'
  recorded_at: Fri, 08 Nov 2024 15:00:03 GMT
- request:
    method: post
    uri: https://api-inference.huggingface.co/models/meta-llama/Llama-3.2-1B
    body:
      encoding: UTF-8
      string: '{"inputs":"Tell me a joke"}'
    headers:
      Accept:
      - application/json
      Authorization:
      - Bearer <HUGGINGFACE_API_KEY>
      Connection:
      - Keep-Alive
      Content-Type:
      - application/json; charset=utf-8
      Host:
      - api-inference.huggingface.co
      User-Agent:
      - http.rb/5.2.0
  response:
    status:
      code: 400
      message: Bad Request
    headers:
      Date:
      - Fri, 08 Nov 2024 15:00:35 GMT
      Content-Type:
      - application/json
      Content-Length:
      - '72'
      Connection:
      - keep-alive
      Vary:
      - Origin, Access-Control-Request-Method, Access-Control-Request-Headers
      Access-Control-Allow-Credentials:
      - 'true'
      X-Request-Id:
      - YIFyOUpzv3jr-4J8ijvnL
    body:
      encoding: UTF-8
      string: '{"error":"Authorization header is correct, but the token seems invalid"}'
  recorded_at: Fri, 08 Nov 2024 15:00:35 GMT
- request:
    method: post
    uri: https://api-inference.huggingface.co/models/meta-llama/Llama-3.2-1B
    body:
      encoding: UTF-8
      string: '{"inputs":"Tell me a joke"}'
    headers:
      Accept:
      - application/json
      Authorization:
      - Bearer <HUGGINGFACE_API_KEY>
      Connection:
      - Keep-Alive
      Content-Type:
      - application/json; charset=utf-8
      Host:
      - api-inference.huggingface.co
      User-Agent:
      - http.rb/5.2.0
  response:
    status:
      code: 400
      message: Bad Request
    headers:
      Date:
      - Fri, 08 Nov 2024 15:03:11 GMT
      Content-Type:
      - application/json
      Content-Length:
      - '72'
      Connection:
      - keep-alive
      Vary:
      - Origin, Access-Control-Request-Method, Access-Control-Request-Headers
      Access-Control-Allow-Credentials:
      - 'true'
      X-Request-Id:
      - 5KS_-agk4Tcp6cq95_7kG
    body:
      encoding: UTF-8
      string: '{"error":"Authorization header is correct, but the token seems invalid"}'
  recorded_at: Fri, 08 Nov 2024 15:03:11 GMT
- request:
    method: post
    uri: https://api-inference.huggingface.co/models/meta-llama/Llama-3.2-1B
    body:
      encoding: UTF-8
      string: '{"inputs":"Tell me a joke"}'
    headers:
      Accept:
      - application/json
      Authorization:
      - Bearer <HUGGINGFACE_API_KEY>
      Connection:
      - Keep-Alive
      Content-Type:
      - application/json; charset=utf-8
      Host:
      - api-inference.huggingface.co
      User-Agent:
      - http.rb/5.2.0
  response:
    status:
      code: 400
      message: Bad Request
    headers:
      Date:
      - Fri, 08 Nov 2024 15:03:19 GMT
      Content-Type:
      - application/json
      Content-Length:
      - '72'
      Connection:
      - keep-alive
      X-Request-Id:
      - ObDAxvvCLHhydENjBUVx9
      Vary:
      - Origin, Access-Control-Request-Method, Access-Control-Request-Headers
      Access-Control-Allow-Credentials:
      - 'true'
    body:
      encoding: UTF-8
      string: '{"error":"Authorization header is correct, but the token seems invalid"}'
  recorded_at: Fri, 08 Nov 2024 15:03:19 GMT
- request:
    method: post
    uri: https://api-inference.huggingface.co/models/meta-llama/Llama-3.2-1B
    body:
      encoding: UTF-8
      string: '{"inputs":"Tell me a joke"}'
    headers:
      Accept:
      - application/json
      Authorization:
      - Bearer <HUGGINGFACE_API_KEY>
      Connection:
      - Keep-Alive
      Content-Type:
      - application/json; charset=utf-8
      Host:
      - api-inference.huggingface.co
      User-Agent:
      - http.rb/5.2.0
  response:
    status:
      code: 400
      message: Bad Request
    headers:
      Date:
      - Fri, 08 Nov 2024 15:03:53 GMT
      Content-Type:
      - application/json
      Content-Length:
      - '72'
      Connection:
      - keep-alive
      X-Request-Id:
      - adFQ9_s3_KF-Uf0BIQ_FC
      Vary:
      - Origin, Access-Control-Request-Method, Access-Control-Request-Headers
      Access-Control-Allow-Credentials:
      - 'true'
    body:
      encoding: UTF-8
      string: '{"error":"Authorization header is correct, but the token seems invalid"}'
  recorded_at: Fri, 08 Nov 2024 15:03:53 GMT
- request:
    method: post
    uri: https://api-inference.huggingface.co/models/meta-llama/Llama-3.2-1B
    body:
      encoding: UTF-8
      string: '{"inputs":"Tell me a joke"}'
    headers:
      Accept:
      - application/json
      Authorization:
      - Bearer <HUGGINGFACE_API_KEY>
      Connection:
      - Keep-Alive
      Content-Type:
      - application/json; charset=utf-8
      Host:
      - api-inference.huggingface.co
      User-Agent:
      - http.rb/5.2.0
  response:
    status:
      code: 400
      message: Bad Request
    headers:
      Date:
      - Fri, 08 Nov 2024 15:22:41 GMT
      Content-Type:
      - application/json
      Content-Length:
      - '72'
      Connection:
      - keep-alive
      Vary:
      - Origin, Access-Control-Request-Method, Access-Control-Request-Headers
      Access-Control-Allow-Credentials:
      - 'true'
      X-Request-Id:
      - 0nvpLiM9GyQXMIEYqUEHC
    body:
      encoding: UTF-8
      string: '{"error":"Authorization header is correct, but the token seems invalid"}'
  recorded_at: Fri, 08 Nov 2024 15:22:41 GMT
- request:
    method: post
    uri: https://api-inference.huggingface.co/models/meta-llama/Llama-3.2-1B
    body:
      encoding: UTF-8
      string: '{"inputs":"Tell me a joke"}'
    headers:
      Accept:
      - application/json
      Authorization:
      - Bearer <HUGGINGFACE_API_KEY>
      Connection:
      - Keep-Alive
      Content-Type:
      - application/json; charset=utf-8
      Host:
      - api-inference.huggingface.co
      User-Agent:
      - http.rb/5.2.0
  response:
    status:
      code: 400
      message: Bad Request
    headers:
      Date:
      - Fri, 08 Nov 2024 15:23:53 GMT
      Content-Type:
      - application/json
      Content-Length:
      - '72'
      Connection:
      - keep-alive
      X-Request-Id:
      - HB2UPDG90gGlyf6M-RlfK
      Access-Control-Allow-Credentials:
      - 'true'
      Vary:
      - Origin, Access-Control-Request-Method, Access-Control-Request-Headers
    body:
      encoding: UTF-8
      string: '{"error":"Authorization header is correct, but the token seems invalid"}'
  recorded_at: Fri, 08 Nov 2024 15:23:53 GMT
- request:
    method: post
    uri: https://api-inference.huggingface.co/models/meta-llama/Llama-3.2-1B
    body:
      encoding: UTF-8
      string: '{"inputs":"Tell me a joke"}'
    headers:
      Accept:
      - application/json
      Authorization:
      - Bearer <HUGGINGFACE_API_KEY>
      Connection:
      - Keep-Alive
      Content-Type:
      - application/json; charset=utf-8
      Host:
      - api-inference.huggingface.co
      User-Agent:
      - http.rb/5.2.0
  response:
    status:
      code: 400
      message: Bad Request
    headers:
      Date:
      - Fri, 08 Nov 2024 15:24:45 GMT
      Content-Type:
      - application/json
      Content-Length:
      - '72'
      Connection:
      - keep-alive
      X-Request-Id:
      - 5MHy3ll85x3QOcCaxGe6S
      Access-Control-Allow-Credentials:
      - 'true'
      Vary:
      - Origin, Access-Control-Request-Method, Access-Control-Request-Headers
    body:
      encoding: UTF-8
      string: '{"error":"Authorization header is correct, but the token seems invalid"}'
  recorded_at: Fri, 08 Nov 2024 15:24:45 GMT
- request:
    method: post
    uri: https://api-inference.huggingface.co/models/meta-llama/Llama-3.2-1B
    body:
      encoding: UTF-8
      string: '{"inputs":"Tell me a joke"}'
    headers:
      Accept:
      - application/json
      Authorization:
      - Bearer <HUGGINGFACE_API_KEY>
      Connection:
      - Keep-Alive
      Content-Type:
      - application/json; charset=utf-8
      Host:
      - api-inference.huggingface.co
      User-Agent:
      - http.rb/5.2.0
  response:
    status:
      code: 400
      message: Bad Request
    headers:
      Date:
      - Fri, 08 Nov 2024 15:25:12 GMT
      Content-Type:
      - application/json
      Content-Length:
      - '72'
      Connection:
      - keep-alive
      Vary:
      - Origin, Access-Control-Request-Method, Access-Control-Request-Headers
      X-Request-Id:
      - kgzNBaVbZ_AzN7y0CZBsB
      Access-Control-Allow-Credentials:
      - 'true'
    body:
      encoding: UTF-8
      string: '{"error":"Authorization header is correct, but the token seems invalid"}'
  recorded_at: Fri, 08 Nov 2024 15:25:12 GMT
- request:
    method: post
    uri: https://api-inference.huggingface.co/models/meta-llama/Llama-3.2-1B
    body:
      encoding: UTF-8
      string: '{"inputs":"Tell me a joke"}'
    headers:
      Accept:
      - application/json
      Authorization:
      - Bearer <HUGGINGFACE_API_KEY>
      Connection:
      - Keep-Alive
      Content-Type:
      - application/json; charset=utf-8
      Host:
      - api-inference.huggingface.co
      User-Agent:
      - http.rb/5.2.0
  response:
    status:
      code: 400
      message: Bad Request
    headers:
      Date:
      - Sat, 09 Nov 2024 04:17:49 GMT
      Content-Type:
      - application/json
      Content-Length:
      - '72'
      Connection:
      - keep-alive
      X-Request-Id:
      - P0p-amHFSnPfbTsW8Rht0
      Vary:
      - Origin, Access-Control-Request-Method, Access-Control-Request-Headers
      Access-Control-Allow-Credentials:
      - 'true'
    body:
      encoding: UTF-8
      string: '{"error":"Authorization header is correct, but the token seems invalid"}'
  recorded_at: Sat, 09 Nov 2024 04:17:49 GMT
- request:
    method: post
    uri: https://api-inference.huggingface.co/models/meta-llama/Llama-3.2-1B
    body:
      encoding: UTF-8
      string: '{"inputs":"Tell me a joke"}'
    headers:
      Accept:
      - application/json
      Authorization:
      - Bearer <HUGGINGFACE_API_KEY>
      Connection:
      - Keep-Alive
      Content-Type:
      - application/json; charset=utf-8
      Host:
      - api-inference.huggingface.co
      User-Agent:
      - http.rb/5.2.0
  response:
    status:
      code: 400
      message: Bad Request
    headers:
      Date:
      - Sat, 09 Nov 2024 04:18:21 GMT
      Content-Type:
      - application/json
      Content-Length:
      - '72'
      Connection:
      - keep-alive
      X-Request-Id:
      - p5YvFHfgT0YKy7g5JKw4A
      Access-Control-Allow-Credentials:
      - 'true'
      Vary:
      - Origin, Access-Control-Request-Method, Access-Control-Request-Headers
    body:
      encoding: UTF-8
      string: '{"error":"Authorization header is correct, but the token seems invalid"}'
  recorded_at: Sat, 09 Nov 2024 04:18:21 GMT
- request:
    method: post
    uri: https://api-inference.huggingface.co/models/meta-llama/Llama-3.2-1B
    body:
      encoding: UTF-8
      string: '{"inputs":"Tell me a joke"}'
    headers:
      Accept:
      - application/json
      Authorization:
      - Bearer <HUGGINGFACE_API_KEY>
      Connection:
      - Keep-Alive
      Content-Type:
      - application/json; charset=utf-8
      Host:
      - api-inference.huggingface.co
      User-Agent:
      - http.rb/5.2.0
  response:
    status:
      code: 400
      message: Bad Request
    headers:
      Date:
      - Sat, 09 Nov 2024 04:18:35 GMT
      Content-Type:
      - application/json
      Content-Length:
      - '72'
      Connection:
      - keep-alive
      X-Request-Id:
      - JNYgfluc7yGgKaFQAP5zD
      Access-Control-Allow-Credentials:
      - 'true'
      Vary:
      - Origin, Access-Control-Request-Method, Access-Control-Request-Headers
    body:
      encoding: UTF-8
      string: '{"error":"Authorization header is correct, but the token seems invalid"}'
  recorded_at: Sat, 09 Nov 2024 04:18:36 GMT
- request:
    method: post
    uri: https://api-inference.huggingface.co/models/meta-llama/Llama-3.2-1B
    body:
      encoding: UTF-8
      string: '{"inputs":"Tell me a joke"}'
    headers:
      Accept:
      - application/json
      Authorization:
      - Bearer <HUGGINGFACE_API_KEY>
      Connection:
      - Keep-Alive
      Content-Type:
      - application/json; charset=utf-8
      Host:
      - api-inference.huggingface.co
      User-Agent:
      - http.rb/5.2.0
  response:
    status:
      code: 400
      message: Bad Request
    headers:
      Date:
      - Sat, 09 Nov 2024 04:28:18 GMT
      Content-Type:
      - application/json
      Content-Length:
      - '72'
      Connection:
      - keep-alive
      Vary:
      - Origin, Access-Control-Request-Method, Access-Control-Request-Headers
      X-Request-Id:
      - SLNKHCIp9zQYYjnC_PN9J
      Access-Control-Allow-Credentials:
      - 'true'
    body:
      encoding: UTF-8
      string: '{"error":"Authorization header is correct, but the token seems invalid"}'
  recorded_at: Sat, 09 Nov 2024 04:28:18 GMT
- request:
    method: post
    uri: https://api-inference.huggingface.co/models/meta-llama/Llama-3.2-1B
    body:
      encoding: UTF-8
      string: '{"inputs":"Tell me a joke"}'
    headers:
      Accept:
      - application/json
      Authorization:
      - Bearer <HUGGINGFACE_API_KEY>
      Connection:
      - Keep-Alive
      Content-Type:
      - application/json; charset=utf-8
      Host:
      - api-inference.huggingface.co
      User-Agent:
      - http.rb/5.2.0
  response:
    status:
      code: 400
      message: Bad Request
    headers:
      Date:
      - Sat, 09 Nov 2024 04:28:27 GMT
      Content-Type:
      - application/json
      Content-Length:
      - '72'
      Connection:
      - keep-alive
      X-Request-Id:
      - LWmlTUJbNU2DwQ-0ctnby
      Access-Control-Allow-Credentials:
      - 'true'
      Vary:
      - Origin, Access-Control-Request-Method, Access-Control-Request-Headers
    body:
      encoding: UTF-8
      string: '{"error":"Authorization header is correct, but the token seems invalid"}'
  recorded_at: Sat, 09 Nov 2024 04:28:27 GMT
- request:
    method: post
    uri: https://api-inference.huggingface.co/models/meta-llama/Llama-3.2-1B
    body:
      encoding: UTF-8
      string: '{"inputs":"Tell me a joke"}'
    headers:
      Accept:
      - application/json
      Authorization:
      - Bearer <HUGGINGFACE_API_KEY>
      Connection:
      - Keep-Alive
      Content-Type:
      - application/json; charset=utf-8
      Host:
      - api-inference.huggingface.co
      User-Agent:
      - http.rb/5.2.0
  response:
    status:
      code: 400
      message: Bad Request
    headers:
      Date:
      - Sun, 10 Nov 2024 02:49:04 GMT
      Content-Type:
      - application/json
      Content-Length:
      - '72'
      Connection:
      - keep-alive
      X-Request-Id:
      - kyOPpMsmCgJuyPWuOoB38
      Vary:
      - Origin, Access-Control-Request-Method, Access-Control-Request-Headers
      Access-Control-Allow-Credentials:
      - 'true'
    body:
      encoding: UTF-8
      string: '{"error":"Authorization header is correct, but the token seems invalid"}'
  recorded_at: Sun, 10 Nov 2024 02:49:02 GMT
- request:
    method: post
    uri: https://api-inference.huggingface.co/models/meta-llama/Llama-3.2-1B
    body:
      encoding: UTF-8
      string: '{"inputs":"Tell me a joke"}'
    headers:
      Accept:
      - application/json
      Authorization:
      - Bearer <HUGGINGFACE_API_KEY>
      Connection:
      - Keep-Alive
      Content-Type:
      - application/json; charset=utf-8
      Host:
      - api-inference.huggingface.co
      User-Agent:
      - http.rb/5.2.0
  response:
    status:
      code: 400
      message: Bad Request
    headers:
      Date:
      - Fri, 15 Nov 2024 13:49:46 GMT
      Content-Type:
      - application/json
      Content-Length:
      - '72'
      Connection:
      - keep-alive
      Access-Control-Allow-Credentials:
      - 'true'
      X-Request-Id:
      - nnw_Aj8EjTFZTqy0Uwxs2
      Vary:
      - Origin, Access-Control-Request-Method, Access-Control-Request-Headers
    body:
      encoding: UTF-8
      string: '{"error":"Authorization header is correct, but the token seems invalid"}'
  recorded_at: Fri, 15 Nov 2024 13:49:46 GMT
- request:
    method: post
    uri: https://api-inference.huggingface.co/models/meta-llama/Llama-3.2-1B
    body:
      encoding: UTF-8
      string: '{"inputs":"Tell me a joke"}'
    headers:
      Accept:
      - application/json
      Authorization:
      - Bearer <HUGGINGFACE_API_KEY>
      Connection:
      - Keep-Alive
      Content-Type:
      - application/json; charset=utf-8
      Host:
      - api-inference.huggingface.co
      User-Agent:
      - http.rb/5.2.0
  response:
    status:
      code: 400
      message: Bad Request
    headers:
      Date:
      - Fri, 15 Nov 2024 14:37:34 GMT
      Content-Type:
      - application/json
      Content-Length:
      - '72'
      Connection:
      - keep-alive
      X-Request-Id:
      - YqIYZrMoI6VibJQZVUXJO
      Access-Control-Allow-Credentials:
      - 'true'
      Vary:
      - Origin, Access-Control-Request-Method, Access-Control-Request-Headers
    body:
      encoding: UTF-8
      string: '{"error":"Authorization header is correct, but the token seems invalid"}'
  recorded_at: Fri, 15 Nov 2024 14:37:34 GMT
- request:
    method: post
    uri: https://api-inference.huggingface.co/models/meta-llama/Llama-3.2-1B
    body:
      encoding: UTF-8
      string: '{"inputs":"Tell me a joke"}'
    headers:
      Accept:
      - application/json
      Authorization:
      - Bearer <HUGGINGFACE_API_KEY>
      Connection:
      - Keep-Alive
      Content-Type:
      - application/json; charset=utf-8
      Host:
      - api-inference.huggingface.co
      User-Agent:
      - http.rb/5.2.0
  response:
    status:
      code: 400
      message: Bad Request
    headers:
      Date:
      - Sat, 16 Nov 2024 14:32:51 GMT
      Content-Type:
      - application/json
      Content-Length:
      - '72'
      Connection:
      - keep-alive
      X-Request-Id:
      - 3aTxkSEEpAcs_MC-aJFmw
      Access-Control-Allow-Credentials:
      - 'true'
      Vary:
      - Origin, Access-Control-Request-Method, Access-Control-Request-Headers
    body:
      encoding: UTF-8
      string: '{"error":"Authorization header is correct, but the token seems invalid"}'
  recorded_at: Sat, 16 Nov 2024 14:32:52 GMT
- request:
    method: post
    uri: https://api-inference.huggingface.co/models/meta-llama/Llama-3.2-1B
    body:
      encoding: UTF-8
      string: '{"inputs":"Tell me a joke"}'
    headers:
      Accept:
      - application/json
      Authorization:
      - Bearer <HUGGINGFACE_API_KEY>
      Connection:
      - Keep-Alive
      Content-Type:
      - application/json; charset=utf-8
      Host:
      - api-inference.huggingface.co
      User-Agent:
      - http.rb/5.2.0
  response:
    status:
      code: 400
      message: Bad Request
    headers:
      Date:
      - Wed, 11 Dec 2024 07:13:38 GMT
      Content-Type:
      - application/json
      Content-Length:
      - '72'
      Connection:
      - keep-alive
      Vary:
      - Origin, Access-Control-Request-Method, Access-Control-Request-Headers
      Access-Control-Allow-Credentials:
      - 'true'
      X-Request-Id:
      - "-Sz7KCW-jg9uSoebaLeL7"
    body:
      encoding: UTF-8
      string: '{"error":"Authorization header is correct, but the token seems invalid"}'
  recorded_at: Wed, 11 Dec 2024 07:13:38 GMT
- request:
    method: post
    uri: https://api-inference.huggingface.co/models/meta-llama/Llama-3.2-1B
    body:
      encoding: UTF-8
      string: '{"inputs":"Tell me a joke"}'
    headers:
      Accept:
      - application/json
      Authorization:
      - Bearer <HUGGINGFACE_API_KEY>
      Connection:
      - Keep-Alive
      Content-Type:
      - application/json; charset=utf-8
      Host:
      - api-inference.huggingface.co
      User-Agent:
      - http.rb/5.2.0
  response:
    status:
      code: 400
      message: Bad Request
    headers:
      Date:
      - Fri, 13 Dec 2024 09:53:50 GMT
      Content-Type:
      - application/json
      Content-Length:
      - '72'
      Connection:
      - keep-alive
      Access-Control-Allow-Credentials:
      - 'true'
      X-Request-Id:
      - nuffKDdjY_nqfUReMwE9s
      Vary:
      - Origin, Access-Control-Request-Method, Access-Control-Request-Headers
    body:
      encoding: UTF-8
      string: '{"error":"Authorization header is correct, but the token seems invalid"}'
  recorded_at: Fri, 13 Dec 2024 09:53:51 GMT
- request:
    method: post
    uri: https://api-inference.huggingface.co/models/meta-llama/Llama-3.2-1B
    body:
      encoding: UTF-8
      string: '{"inputs":"Tell me a joke"}'
    headers:
      Accept:
      - application/json
      Authorization:
      - Bearer <HUGGINGFACE_API_KEY>
      Connection:
      - Keep-Alive
      Content-Type:
      - application/json; charset=utf-8
      Host:
      - api-inference.huggingface.co
      User-Agent:
      - http.rb/5.2.0
  response:
    status:
      code: 400
      message: Bad Request
    headers:
      Date:
      - Sat, 14 Dec 2024 10:15:09 GMT
      Content-Type:
      - application/json
      Content-Length:
      - '72'
      Connection:
      - keep-alive
      Access-Control-Allow-Credentials:
      - 'true'
      X-Request-Id:
      - zX6loGJ3MTJhacBbBxgb2
      Vary:
      - Origin, Access-Control-Request-Method, Access-Control-Request-Headers
    body:
      encoding: UTF-8
      string: '{"error":"Authorization header is correct, but the token seems invalid"}'
  recorded_at: Sat, 14 Dec 2024 10:15:10 GMT
recorded_with: VCR 6.3.1
